// Jest Snapshot v1, https://goo.gl/fbAQLP

exports[`should render expenseList with empty expenses 1`] = `
<div>
  <h1>
    Expense List
  </h1>
  <p>
    No expenses yet.
  </p>
</div>
`;

exports[`should render expenseList with expenses 1`] = `
<div>
  <h1>
    Expense List
  </h1>
  <ExpenseListItem
    amount={195}
    createdAt={0}
    description="Hari"
    id="1"
    key="1"
    note=""
  />
  <ExpenseListItem
    amount={1955}
    createdAt={-345600000}
    description="Rent"
    id="2"
    key="2"
    note=""
  />
  <ExpenseListItem
    amount={295}
    createdAt={345600000}
    description="Seldon"
    id="3"
    key="3"
    note=""
  />
</div>
`;
